// Jest Snapshot v1, https://goo.gl/fbAQLP

exports[`Renders NativeButton with our custom styles 1`] = `
<View
  accessible={true}
  isTVSelectable={true}
  onResponderGrant={[Function]}
  onResponderMove={[Function]}
  onResponderRelease={[Function]}
  onResponderTerminate={[Function]}
  onResponderTerminationRequest={[Function]}
  onStartShouldSetResponder={[Function]}
  style={
    Object {
      "backgroundColor": "#FF9E54",
      "borderRadius": 10,
      "height": 50,
    }
  }
>
  <View
    style={null}
  >
    <Text
      style={
        Object {
          "color": "white",
        }
      }
    >
      exppected text
    </Text>
  </View>
</View>
`;
